#-----------------------------------------------------------
# Vivado v2015.2 (64-bit)
# SW Build 1266856 on Fri Jun 26 16:35:25 MDT 2015
# IP Build 1264090 on Wed Jun 24 14:22:01 MDT 2015
# Start of session at: Wed Oct 25 10:54:13 2017
# Process ID: 6040
# Log file: C:/Users/hpoupard/Desktop/projet_lecteur_global/vivado.log
# Journal file: C:/Users/hpoupard/Desktop/projet_lecteur_global\vivado.jou
#-----------------------------------------------------------
start_gui
open_project C:/Users/hpoupard/Desktop/projet_lecteur_global/projet_lecteur_global.xpr
add_files -norecurse {C:/Users/hpoupard/Desktop/projet_lecteur_global/projet_lecteur_global.srcs/sources_1/new/stop_counter.vhd C:/Users/hpoupard/Desktop/projet_lecteur_global/projet_lecteur_global.srcs/sources_1/new/full_uart_recv.vhd C:/Users/hpoupard/Desktop/projet_lecteur_global/projet_lecteur_global.srcs/sources_1/new/horloge_44100Hz.vhd C:/Users/hpoupard/Desktop/projet_lecteur_global/projet_lecteur_global.srcs/sources_1/new/pwm.vhd C:/Users/hpoupard/Desktop/projet_lecteur_global/projet_lecteur_global.srcs/sources_1/new/uart_recv.vhd C:/Users/hpoupard/Desktop/projet_lecteur_global/projet_lecteur_global.srcs/sources_1/new/ROM_Sinus.vhd C:/Users/hpoupard/Desktop/projet_lecteur_global/projet_lecteur_global.srcs/sources_1/new/cmp_addr.vhd C:/Users/hpoupard/Desktop/projet_lecteur_global/projet_lecteur_global.srcs/sources_1/new/synthese_totale.vhd C:/Users/hpoupard/Desktop/projet_lecteur_global/projet_lecteur_global.srcs/sources_1/new/merger_8b_to_16b.vhd}
update_compile_order -fileset sources_1
# Disabling source management mode.  This is to allow the top design properties to be set without GUI intervention.
set_property source_mgmt_mode None [current_project]
set_property top synthese_totale [current_fileset]
# Re-enabling previously disabled source management mode.
set_property source_mgmt_mode All [current_project]
update_compile_order -fileset sources_1
reset_run synth_1
launch_runs synth_1 -jobs 4
wait_on_run synth_1
reset_run synth_1
launch_runs synth_1 -jobs 4
wait_on_run synth_1
reset_run synth_1
launch_runs synth_1 -jobs 4
wait_on_run synth_1
reset_run synth_1
launch_runs synth_1 -jobs 4
wait_on_run synth_1
reset_run synth_1
launch_runs synth_1 -jobs 4
wait_on_run synth_1
synth_design -rtl -name rtl_1
close_design
# Disabling source management mode.  This is to allow the top design properties to be set without GUI intervention.
set_property source_mgmt_mode None [current_project]
set_property top mp3player [current_fileset]
# Re-enabling previously disabled source management mode.
set_property source_mgmt_mode All [current_project]
update_compile_order -fileset sources_1
reset_run synth_1
launch_runs synth_1 -jobs 4
wait_on_run synth_1
reset_run synth_1
launch_runs synth_1 -jobs 4
wait_on_run synth_1
reset_run synth_1
launch_runs synth_1 -jobs 4
wait_on_run synth_1
reset_run synth_1
launch_runs synth_1 -jobs 4
wait_on_run synth_1
synth_design -rtl -name rtl_1
close_design
reset_run synth_1
launch_runs synth_1 -jobs 4
wait_on_run synth_1
launch_runs impl_1 -jobs 4
wait_on_run impl_1
launch_runs impl_1 -to_step write_bitstream -jobs 4
wait_on_run impl_1
open_hw
connect_hw_server
open_hw_target [lindex [get_hw_targets -of_objects [get_hw_servers localhost]] 0]
set_property PROGRAM.FILE {C:/Users/hpoupard/Desktop/projet_lecteur_global/projet_lecteur_global.runs/impl_1/mp3player.bit} [lindex [get_hw_devices] 0]
current_hw_device [lindex [get_hw_devices] 0]
refresh_hw_device -update_hw_probes false [lindex [get_hw_devices] 0]
set_property PROBES.FILE {} [lindex [get_hw_devices] 0]
set_property PROGRAM.FILE {C:/Users/hpoupard/Desktop/projet_lecteur_global/projet_lecteur_global.runs/impl_1/mp3player.bit} [lindex [get_hw_devices] 0]
program_hw_devices [lindex [get_hw_devices] 0]
refresh_hw_device [lindex [get_hw_devices] 0]
synth_design -rtl -name rtl_1
reset_run synth_1
launch_runs impl_1 -jobs 4
wait_on_run impl_1
launch_runs impl_1 -to_step write_bitstream -jobs 4
wait_on_run impl_1
set_property PROBES.FILE {} [lindex [get_hw_devices] 0]
set_property PROGRAM.FILE {C:/Users/hpoupard/Desktop/projet_lecteur_global/projet_lecteur_global.runs/impl_1/mp3player.bit} [lindex [get_hw_devices] 0]
program_hw_devices [lindex [get_hw_devices] 0]
refresh_hw_device [lindex [get_hw_devices] 0]
reset_run synth_1
launch_runs impl_1 -to_step write_bitstream -jobs 4
wait_on_run impl_1
set_property PROBES.FILE {} [lindex [get_hw_devices] 0]
set_property PROGRAM.FILE {C:/Users/hpoupard/Desktop/projet_lecteur_global/projet_lecteur_global.runs/impl_1/mp3player.bit} [lindex [get_hw_devices] 0]
program_hw_devices [lindex [get_hw_devices] 0]
refresh_hw_device [lindex [get_hw_devices] 0]
close_hw
reset_run synth_1
launch_runs synth_1 -jobs 4
wait_on_run synth_1
reset_run synth_1
launch_runs synth_1 -jobs 4
wait_on_run synth_1
reset_run synth_1
launch_runs synth_1 -jobs 4
wait_on_run synth_1
reset_run synth_1
launch_runs synth_1 -jobs 4
wait_on_run synth_1
launch_runs impl_1 -jobs 4
wait_on_run impl_1
launch_runs impl_1 -to_step write_bitstream -jobs 4
wait_on_run impl_1
open_hw
connect_hw_server
open_hw_target [lindex [get_hw_targets -of_objects [get_hw_servers localhost]] 0]
set_property PROGRAM.FILE {C:/Users/hpoupard/Desktop/projet_lecteur_global/projet_lecteur_global.runs/impl_1/mp3player.bit} [lindex [get_hw_devices] 0]
current_hw_device [lindex [get_hw_devices] 0]
refresh_hw_device -update_hw_probes false [lindex [get_hw_devices] 0]
set_property PROBES.FILE {} [lindex [get_hw_devices] 0]
set_property PROGRAM.FILE {C:/Users/hpoupard/Desktop/projet_lecteur_global/projet_lecteur_global.runs/impl_1/mp3player.bit} [lindex [get_hw_devices] 0]
program_hw_devices [lindex [get_hw_devices] 0]
refresh_hw_device [lindex [get_hw_devices] 0]
close_hw_target
close_hw
close_design
open_hw
connect_hw_server
open_hw_target [lindex [get_hw_targets -of_objects [get_hw_servers localhost]] 0]
set_property PROGRAM.FILE {C:/Users/hpoupard/Desktop/projet_lecteur_global/projet_lecteur_global.runs/impl_1/mp3player.bit} [lindex [get_hw_devices] 0]
current_hw_device [lindex [get_hw_devices] 0]
refresh_hw_device -update_hw_probes false [lindex [get_hw_devices] 0]
set_property PROBES.FILE {} [lindex [get_hw_devices] 0]
set_property PROGRAM.FILE {C:/Users/hpoupard/Desktop/projet_lecteur_global/projet_lecteur_global.runs/impl_1/mp3player.bit} [lindex [get_hw_devices] 0]
program_hw_devices [lindex [get_hw_devices] 0]
refresh_hw_device [lindex [get_hw_devices] 0]
reset_run synth_1
launch_runs impl_1 -to_step write_bitstream -jobs 4
wait_on_run impl_1
open_run impl_1
close_design
set_property PROBES.FILE {} [lindex [get_hw_devices] 0]
set_property PROGRAM.FILE {C:/Users/hpoupard/Desktop/projet_lecteur_global/projet_lecteur_global.runs/impl_1/mp3player.bit} [lindex [get_hw_devices] 0]
program_hw_devices [lindex [get_hw_devices] 0]
refresh_hw_device [lindex [get_hw_devices] 0]
